captured calibration K/Q in 55s
wiki  fp32               ppl=  16.135 (50s)
code  fp32               ppl=   4.767 (50s)
wiki  kivi       b=2  ppl=  36.785 attn-err=0.5179 (53s)
code  kivi       b=2  ppl=   9.154 attn-err=0.5136 (54s)
wiki  turbo-c    b=2  ppl= 199.891 attn-err=0.4395 (52s)
code  turbo-c    b=2  ppl=  41.081 attn-err=0.4569 (54s)
wiki  klt-wf     b=2  ppl=  19.575 attn-err=0.2637 (54s)
code  klt-wf     b=2  ppl=   6.127 attn-err=0.3267 (54s)
wiki  qa-wf      b=2  ppl=  17.948 attn-err=0.1863 (55s)
code  qa-wf      b=2  ppl=   5.676 attn-err=0.2647 (55s)
wiki  qa-wf-gs   b=2  ppl=  18.796 attn-err=0.2170 (60s)
code  qa-wf-gs   b=2  ppl=   5.929 attn-err=0.2951 (55s)
wiki  kivi       b=3  ppl=  17.142 attn-err=0.1942 (54s)
code  kivi       b=3  ppl=   5.119 attn-err=0.1996 (55s)
wiki  turbo-c    b=3  ppl=  46.836 attn-err=0.2752 (55s)
code  turbo-c    b=3  ppl=  10.515 attn-err=0.2809 (57s)
wiki  klt-wf     b=3  ppl=  17.229 attn-err=0.1701 (55s)
code  klt-wf     b=3  ppl=   5.192 attn-err=0.2226 (53s)
wiki  qa-wf      b=3  ppl=  16.659 attn-err=0.0985 (55s)
code  qa-wf      b=3  ppl=   5.005 attn-err=0.1550 (54s)
wiki  qa-wf-gs   b=3  ppl=  16.882 attn-err=0.1126 (54s)
code  qa-wf-gs   b=3  ppl=   5.048 attn-err=0.1684 (55s)
wiki  kivi       b=4  ppl=  16.339 attn-err=0.0885 (53s)
code  kivi       b=4  ppl=   4.835 attn-err=0.0906 (54s)
wiki  turbo-c    b=4  ppl=  22.629 attn-err=0.1604 (54s)
code  turbo-c    b=4  ppl=   5.852 attn-err=0.1634 (53s)
wiki  klt-wf     b=4  ppl=  16.522 attn-err=0.0914 (55s)
code  klt-wf     b=4  ppl=   4.903 attn-err=0.1361 (57s)
wiki  qa-wf      b=4  ppl=  16.316 attn-err=0.0548 (55s)
code  qa-wf      b=4  ppl=   4.846 attn-err=0.0925 (56s)
wiki  qa-wf-gs   b=4  ppl=  16.392 attn-err=0.0610 (57s)
code  qa-wf-gs   b=4  ppl=   4.851 attn-err=0.0959 (57s)
