[transformers] Token indices sequence length is longer than the specified maximum sequence length for this model (1359939 > 131072). Running this sequence through the model will result in indexing errors
captured calibration K/Q in 63s
wiki  fp32               ppl=  16.135 (52s)
code  fp32               ppl=   4.767 (52s)
wiki  kivi       b=2  ppl=  55.240 attn-err=0.5756 (55s)
code  kivi       b=2  ppl=  11.977 attn-err=0.5706 (59s)
wiki  turbo-mse  b=2  ppl=1153.275 attn-err=0.7516 (61s)
code  turbo-mse  b=2  ppl= 497.553 attn-err=0.7684 (57s)
wiki  turbo-c    b=2  ppl= 271.143 attn-err=0.5208 (61s)
code  turbo-c    b=2  ppl=  54.024 attn-err=0.5352 (59s)
wiki  klt-wf     b=2  ppl=  68.200 attn-err=1.1026 (59s)
code  klt-wf     b=2  ppl=  14.110 attn-err=1.0418 (57s)
wiki  qa-wf      b=2  ppl=  44.591 attn-err=0.7732 (58s)
code  qa-wf      b=2  ppl=  10.229 attn-err=0.7545 (57s)
wiki  qa-wf-gs   b=2  ppl=  20.890 attn-err=0.4378 (58s)
code  qa-wf-gs   b=2  ppl=   6.522 attn-err=0.4193 (57s)
wiki  kivi       b=3  ppl=  17.452 attn-err=0.2206 (56s)
code  kivi       b=3  ppl=   5.189 attn-err=0.2233 (55s)
wiki  turbo-mse  b=3  ppl= 323.123 attn-err=0.4129 (56s)
code  turbo-mse  b=3  ppl= 139.946 attn-err=0.4196 (56s)
wiki  turbo-c    b=3  ppl=  57.350 attn-err=0.3246 (55s)
code  turbo-c    b=3  ppl=  11.263 attn-err=0.3337 (55s)
wiki  klt-wf     b=3  ppl=  53.373 attn-err=0.9482 (57s)
code  klt-wf     b=3  ppl=   9.933 attn-err=0.9277 (57s)
wiki  qa-wf      b=3  ppl=  45.312 attn-err=0.6717 (58s)
code  qa-wf      b=3  ppl=   8.774 attn-err=0.6685 (56s)
wiki  qa-wf-gs   b=3  ppl=  19.532 attn-err=0.4203 (56s)
code  qa-wf-gs   b=3  ppl=   5.709 attn-err=0.3923 (56s)
wiki  kivi       b=4  ppl=  16.348 attn-err=0.0995 (54s)
code  kivi       b=4  ppl=   4.835 attn-err=0.1005 (53s)
wiki  turbo-mse  b=4  ppl= 151.637 attn-err=0.2673 (55s)
code  turbo-mse  b=4  ppl=  36.650 attn-err=0.2762 (54s)
wiki  turbo-c    b=4  ppl=  22.833 attn-err=0.1857 (55s)
code  turbo-c    b=4  ppl=   5.930 attn-err=0.1870 (56s)
wiki  klt-wf     b=4  ppl=  38.160 attn-err=0.8286 (57s)
code  klt-wf     b=4  ppl=   7.752 attn-err=0.8121 (56s)
wiki  qa-wf      b=4  ppl=  45.393 attn-err=0.6141 (55s)
code  qa-wf      b=4  ppl=   8.380 attn-err=0.6136 (54s)
wiki  qa-wf-gs   b=4  ppl=  19.203 attn-err=0.4104 (56s)
code  qa-wf-gs   b=4  ppl=   5.580 attn-err=0.3859 (57s)
