[transformers] Token indices sequence length is longer than the specified maximum sequence length for this model (1359939 > 131072). Running this sequence through the model will result in indexing errors
captured calibration K/Q in 84s
wiki  fp32               ppl=  14.301 (72s)
code  fp32               ppl=   3.675 (67s)
wiki  kivi       b=2  ppl=  18.695 attn-err=0.4332 (70s)
code  kivi       b=2  ppl=   4.877 attn-err=0.4302 (69s)
wiki  turbo-c    b=2  ppl=  17.587 attn-err=0.3462 (69s)
code  turbo-c    b=2  ppl=   4.590 attn-err=0.3481 (70s)
wiki  klt-wf     b=2  ppl=  18.282 attn-err=0.3326 (72s)
code  klt-wf     b=2  ppl=   4.270 attn-err=0.3058 (70s)
wiki  kbasis-qw  b=2  ppl=  16.938 attn-err=0.2882 (71s)
code  kbasis-qw  b=2  ppl=   4.324 attn-err=0.3035 (69s)
wiki  qbasis-qw  b=2  ppl=  19.443 attn-err=0.3230 (70s)
code  qbasis-qw  b=2  ppl=   4.238 attn-err=0.2695 (69s)
wiki  qa-wf      b=2  ppl=  19.992 attn-err=0.2707 (69s)
code  qa-wf      b=2  ppl=   4.359 attn-err=0.2829 (69s)
wiki  kivi       b=3  ppl=  14.732 attn-err=0.1629 (68s)
code  kivi       b=3  ppl=   3.825 attn-err=0.1650 (68s)
wiki  turbo-c    b=3  ppl=  14.897 attn-err=0.1814 (68s)
code  turbo-c    b=3  ppl=   3.854 attn-err=0.1839 (71s)
wiki  klt-wf     b=3  ppl=  15.704 attn-err=0.2361 (69s)
code  klt-wf     b=3  ppl=   3.877 attn-err=0.2011 (69s)
wiki  kbasis-qw  b=3  ppl=  14.864 attn-err=0.1771 (69s)
code  kbasis-qw  b=3  ppl=   3.839 attn-err=0.1777 (69s)
wiki  qbasis-qw  b=3  ppl=  18.178 attn-err=0.2336 (71s)
code  qbasis-qw  b=3  ppl=   3.773 attn-err=0.1347 (71s)
wiki  qa-wf      b=3  ppl=  19.409 attn-err=0.1904 (73s)
code  qa-wf      b=3  ppl=   3.838 attn-err=0.1648 (71s)
