glove-ip   b=1 turbo-mse  ip-err=0.2762 R@10=0.569 attn-err=0.5033
glove-ip   b=1 turbo-prod ip-err=0.8436 R@10=0.409 attn-err=0.8998
glove-ip   b=1 klt-unif   ip-err=0.3563 R@10=0.438 attn-err=0.5838
glove-ip   b=1 klt-wf     ip-err=0.1841 R@10=0.537 attn-err=0.4583
glove-ip   b=1 qa-unif    ip-err=0.3586 R@10=0.435 attn-err=0.5812
glove-ip   b=1 qa-wf      ip-err=0.1674 R@10=0.543 attn-err=0.4585
glove-ip   b=1 qa-wf-gs   ip-err=0.1615 R@10=0.585 attn-err=0.4399
glove-ip   b=2 turbo-mse  ip-err=0.0719 R@10=0.759 attn-err=0.2570
glove-ip   b=2 turbo-prod ip-err=0.3065 R@10=0.578 attn-err=0.5587
glove-ip   b=2 klt-unif   ip-err=0.1293 R@10=0.639 attn-err=0.3645
glove-ip   b=2 klt-wf     ip-err=0.0470 R@10=0.750 attn-err=0.2475
glove-ip   b=2 qa-unif    ip-err=0.1311 R@10=0.638 attn-err=0.3677
glove-ip   b=2 qa-wf      ip-err=0.0408 R@10=0.766 attn-err=0.2373
glove-ip   b=2 qa-wf-gs   ip-err=0.0378 R@10=0.794 attn-err=0.2136
glove-ip   b=3 turbo-mse  ip-err=0.0194 R@10=0.862 attn-err=0.1479
glove-ip   b=3 turbo-prod ip-err=0.0988 R@10=0.736 attn-err=0.3158
glove-ip   b=3 klt-unif   ip-err=0.0412 R@10=0.782 attn-err=0.2199
glove-ip   b=3 klt-wf     ip-err=0.0136 R@10=0.857 attn-err=0.1477
glove-ip   b=3 qa-unif    ip-err=0.0422 R@10=0.781 attn-err=0.2265
glove-ip   b=3 qa-wf      ip-err=0.0096 R@10=0.880 attn-err=0.1281
glove-ip   b=3 qa-wf-gs   ip-err=0.0084 R@10=0.896 attn-err=0.1026
glove-ip   b=4 turbo-mse  ip-err=0.0052 R@10=0.925 attn-err=0.0772
glove-ip   b=4 turbo-prod ip-err=0.0290 R@10=0.847 attn-err=0.1737
glove-ip   b=4 klt-unif   ip-err=0.0124 R@10=0.867 attn-err=0.1322
glove-ip   b=4 klt-wf     ip-err=0.0045 R@10=0.906 attn-err=0.0930
glove-ip   b=4 qa-unif    ip-err=0.0127 R@10=0.869 attn-err=0.1365
glove-ip   b=4 qa-wf      ip-err=0.0027 R@10=0.924 attn-err=0.0757
glove-ip   b=4 qa-wf-gs   ip-err=0.0023 R@10=0.940 attn-err=0.0543
synth-head b=1 turbo-mse  ip-err=0.4624 R@10=0.139 attn-err=1.1096
synth-head b=1 turbo-prod ip-err=2.2015 R@10=0.084 attn-err=2.3244
synth-head b=1 klt-unif   ip-err=0.3579 R@10=0.050 attn-err=0.7194
synth-head b=1 klt-wf     ip-err=0.0806 R@10=0.450 attn-err=0.4868
synth-head b=1 qa-unif    ip-err=0.3581 R@10=0.032 attn-err=0.7291
synth-head b=1 qa-wf      ip-err=0.0216 R@10=0.661 attn-err=0.3187
synth-head b=1 qa-wf-gs   ip-err=0.0227 R@10=0.737 attn-err=0.2823
synth-head b=2 turbo-mse  ip-err=0.1642 R@10=0.390 attn-err=0.7108
synth-head b=2 turbo-prod ip-err=0.8536 R@10=0.141 attn-err=1.7972
synth-head b=2 klt-unif   ip-err=0.1189 R@10=0.257 attn-err=0.5969
synth-head b=2 klt-wf     ip-err=0.0188 R@10=0.679 attn-err=0.2952
synth-head b=2 qa-unif    ip-err=0.1197 R@10=0.207 attn-err=0.6198
synth-head b=2 qa-wf      ip-err=0.0041 R@10=0.813 attn-err=0.1709
synth-head b=2 qa-wf-gs   ip-err=0.0043 R@10=0.877 attn-err=0.1243
synth-head b=3 turbo-mse  ip-err=0.0493 R@10=0.634 attn-err=0.4014
synth-head b=3 turbo-prod ip-err=0.2694 R@10=0.325 attn-err=1.0204
synth-head b=3 klt-unif   ip-err=0.0360 R@10=0.500 attn-err=0.4324
synth-head b=3 klt-wf     ip-err=0.0053 R@10=0.797 attn-err=0.1871
synth-head b=3 qa-unif    ip-err=0.0366 R@10=0.427 attn-err=0.4713
synth-head b=3 qa-wf      ip-err=0.0012 R@10=0.863 attn-err=0.1224
synth-head b=3 qa-wf-gs   ip-err=0.0011 R@10=0.929 attn-err=0.0693
synth-head b=4 turbo-mse  ip-err=0.0135 R@10=0.802 attn-err=0.2126
synth-head b=4 turbo-prod ip-err=0.0782 R@10=0.563 attn-err=0.5292
synth-head b=4 klt-unif   ip-err=0.0103 R@10=0.674 attn-err=0.2839
synth-head b=4 klt-wf     ip-err=0.0018 R@10=0.851 attn-err=0.1301
synth-head b=4 qa-unif    ip-err=0.0104 R@10=0.619 attn-err=0.3291
synth-head b=4 qa-wf      ip-err=0.0005 R@10=0.880 attn-err=0.1031
synth-head b=4 qa-wf-gs   ip-err=0.0004 R@10=0.950 attn-err=0.0483
glove-shift b=1 turbo-mse  ip-err=0.4672 R@10=0.516 attn-err=0.4842
glove-shift b=1 turbo-prod ip-err=1.1910 R@10=0.349 attn-err=0.9891
glove-shift b=1 klt-unif   ip-err=0.9870 R@10=0.401 attn-err=0.5638
glove-shift b=1 klt-wf     ip-err=0.3449 R@10=0.463 attn-err=0.5096
glove-shift b=1 qa-unif    ip-err=0.9887 R@10=0.397 attn-err=0.5760
glove-shift b=1 qa-wf      ip-err=0.4385 R@10=0.447 attn-err=0.5210
glove-shift b=1 qa-wf-gs   ip-err=0.4133 R@10=0.491 attn-err=0.4929
glove-shift b=2 turbo-mse  ip-err=0.1100 R@10=0.715 attn-err=0.2961
glove-shift b=2 turbo-prod ip-err=0.4335 R@10=0.517 attn-err=0.6250
glove-shift b=2 klt-unif   ip-err=0.2981 R@10=0.593 attn-err=0.3959
glove-shift b=2 klt-wf     ip-err=0.1000 R@10=0.668 attn-err=0.3252
glove-shift b=2 qa-unif    ip-err=0.2855 R@10=0.581 attn-err=0.4041
glove-shift b=2 qa-wf      ip-err=0.1345 R@10=0.653 attn-err=0.3337
glove-shift b=2 qa-wf-gs   ip-err=0.1143 R@10=0.720 attn-err=0.2898
glove-shift b=3 turbo-mse  ip-err=0.0284 R@10=0.840 attn-err=0.1604
glove-shift b=3 turbo-prod ip-err=0.1398 R@10=0.692 attn-err=0.3637
glove-shift b=3 klt-unif   ip-err=0.0814 R@10=0.716 attn-err=0.2786
glove-shift b=3 klt-wf     ip-err=0.0313 R@10=0.785 attn-err=0.2083
glove-shift b=3 qa-unif    ip-err=0.0854 R@10=0.706 attn-err=0.2844
glove-shift b=3 qa-wf      ip-err=0.0340 R@10=0.789 attn-err=0.2087
glove-shift b=3 qa-wf-gs   ip-err=0.0255 R@10=0.846 attn-err=0.1574
glove-shift b=4 turbo-mse  ip-err=0.0075 R@10=0.908 attn-err=0.0882
glove-shift b=4 turbo-prod ip-err=0.0411 R@10=0.822 attn-err=0.1997
glove-shift b=4 klt-unif   ip-err=0.0256 R@10=0.802 attn-err=0.1880
glove-shift b=4 klt-wf     ip-err=0.0131 R@10=0.848 attn-err=0.1471
glove-shift b=4 qa-unif    ip-err=0.0261 R@10=0.801 attn-err=0.1892
glove-shift b=4 qa-wf      ip-err=0.0126 R@10=0.856 attn-err=0.1406
glove-shift b=4 qa-wf-gs   ip-err=0.0080 R@10=0.908 attn-err=0.0888
synth-iso  b=1 turbo-mse  ip-err=0.3561 R@10=0.262 attn-err=0.6927
synth-iso  b=1 turbo-prod ip-err=1.5301 R@10=0.123 attn-err=1.7133
synth-iso  b=1 klt-unif   ip-err=0.3679 R@10=0.090 attn-err=0.7040
synth-iso  b=1 klt-wf     ip-err=0.2534 R@10=0.213 attn-err=0.6425
synth-iso  b=1 qa-unif    ip-err=0.3653 R@10=0.088 attn-err=0.7055
synth-iso  b=1 qa-wf      ip-err=0.1813 R@10=0.306 attn-err=0.5910
synth-iso  b=1 qa-wf-gs   ip-err=0.1739 R@10=0.412 attn-err=0.5918
synth-iso  b=2 turbo-mse  ip-err=0.1138 R@10=0.524 attn-err=0.4886
synth-iso  b=2 turbo-prod ip-err=0.5546 R@10=0.266 attn-err=1.1367
synth-iso  b=2 klt-unif   ip-err=0.1233 R@10=0.370 attn-err=0.5297
synth-iso  b=2 klt-wf     ip-err=0.0838 R@10=0.481 attn-err=0.4625
synth-iso  b=2 qa-unif    ip-err=0.1216 R@10=0.364 attn-err=0.5330
synth-iso  b=2 qa-wf      ip-err=0.0545 R@10=0.577 attn-err=0.3988
synth-iso  b=2 qa-wf-gs   ip-err=0.0510 R@10=0.658 attn-err=0.3491
synth-iso  b=3 turbo-mse  ip-err=0.0332 R@10=0.721 attn-err=0.2923
synth-iso  b=3 turbo-prod ip-err=0.1788 R@10=0.472 attn-err=0.6633
synth-iso  b=3 klt-unif   ip-err=0.0374 R@10=0.605 attn-err=0.3556
synth-iso  b=3 klt-wf     ip-err=0.0261 R@10=0.671 attn-err=0.3046
synth-iso  b=3 qa-unif    ip-err=0.0369 R@10=0.602 attn-err=0.3567
synth-iso  b=3 qa-wf      ip-err=0.0171 R@10=0.737 attn-err=0.2543
synth-iso  b=3 qa-wf-gs   ip-err=0.0154 R@10=0.803 attn-err=0.1986
synth-iso  b=4 turbo-mse  ip-err=0.0091 R@10=0.843 attn-err=0.1547
synth-iso  b=4 turbo-prod ip-err=0.0525 R@10=0.675 attn-err=0.3546
synth-iso  b=4 klt-unif   ip-err=0.0107 R@10=0.765 attn-err=0.2234
synth-iso  b=4 klt-wf     ip-err=0.0077 R@10=0.797 attn-err=0.1927
synth-iso  b=4 qa-unif    ip-err=0.0105 R@10=0.759 attn-err=0.2243
synth-iso  b=4 qa-wf      ip-err=0.0053 R@10=0.825 attn-err=0.1651
synth-iso  b=4 qa-wf-gs   ip-err=0.0044 R@10=0.889 attn-err=0.1120
