d=  8 seed=0 random      R10@10=0.008 R10@100=0.044 (0s)
d=  8 seed=0 pca         R10@10=0.045 R10@100=0.184 (0s)
d=  8 seed=0 pca-int8    R10@10=0.172 R10@100=0.456 (0s)
d=  8 seed=0 lin-learn   R10@10=0.051 R10@100=0.200 (7s)
d=  8 seed=0 maxplus     R10@10=0.017 R10@100=0.073 (18s)
d=  8 seed=0 morph       R10@10=0.017 R10@100=0.075 (21s)
d=  8 seed=0 maxplus-sx  R10@10=0.018 R10@100=0.085 (20s)
d=  8 seed=1 random      R10@10=0.011 R10@100=0.052 (0s)
d=  8 seed=1 lin-learn   R10@10=0.049 R10@100=0.199 (6s)
d=  8 seed=1 maxplus     R10@10=0.019 R10@100=0.083 (17s)
d=  8 seed=1 morph       R10@10=0.017 R10@100=0.074 (19s)
d=  8 seed=1 maxplus-sx  R10@10=0.016 R10@100=0.072 (19s)
d= 16 seed=0 random      R10@10=0.034 R10@100=0.114 (0s)
d= 16 seed=0 pca         R10@10=0.091 R10@100=0.299 (0s)
d= 16 seed=0 pca-int8    R10@10=0.300 R10@100=0.646 (0s)
d= 16 seed=0 lin-learn   R10@10=0.105 R10@100=0.335 (6s)
d= 16 seed=0 maxplus     R10@10=0.051 R10@100=0.159 (28s)
d= 16 seed=0 morph       R10@10=0.048 R10@100=0.160 (31s)
d= 16 seed=0 maxplus-sx  R10@10=0.044 R10@100=0.144 (31s)
d= 16 seed=1 random      R10@10=0.034 R10@100=0.119 (0s)
d= 16 seed=1 lin-learn   R10@10=0.106 R10@100=0.337 (6s)
d= 16 seed=1 maxplus     R10@10=0.049 R10@100=0.167 (27s)
d= 16 seed=1 morph       R10@10=0.048 R10@100=0.160 (31s)
d= 16 seed=1 maxplus-sx  R10@10=0.048 R10@100=0.162 (30s)
d= 32 seed=0 random      R10@10=0.098 R10@100=0.260 (0s)
d= 32 seed=0 pca         R10@10=0.172 R10@100=0.454 (0s)
d= 32 seed=0 pca-int8    R10@10=0.513 R10@100=0.895 (0s)
d= 32 seed=0 lin-learn   R10@10=0.193 R10@100=0.487 (6s)
d= 32 seed=0 maxplus     R10@10=0.116 R10@100=0.299 (62s)
d= 32 seed=0 morph       R10@10=0.120 R10@100=0.303 (55s)
d= 32 seed=0 maxplus-sx  R10@10=0.119 R10@100=0.301 (73s)
d= 32 seed=1 random      R10@10=0.103 R10@100=0.271 (0s)
d= 32 seed=1 lin-learn   R10@10=0.186 R10@100=0.490 (6s)
d= 32 seed=1 maxplus     R10@10=0.119 R10@100=0.301 (63s)
d= 32 seed=1 morph       R10@10=0.119 R10@100=0.298 (53s)
d= 32 seed=1 maxplus-sx  R10@10=0.116 R10@100=0.296 (72s)
d= 64 seed=0 random      R10@10=0.212 R10@100=0.451 (0s)
d= 64 seed=0 pca         R10@10=0.301 R10@100=0.645 (0s)
d= 64 seed=0 pca-int8    R10@10=0.974 R10@100=1.000 (1s)
d= 64 seed=0 lin-learn   R10@10=0.323 R10@100=0.685 (6s)
d= 64 seed=0 maxplus     R10@10=0.244 R10@100=0.527 (157s)
d= 64 seed=0 morph       R10@10=0.250 R10@100=0.535 (139s)
d= 64 seed=0 maxplus-sx  R10@10=0.247 R10@100=0.530 (148s)
d= 64 seed=1 random      R10@10=0.216 R10@100=0.472 (0s)
d= 64 seed=1 lin-learn   R10@10=0.330 R10@100=0.687 (7s)
d= 64 seed=1 maxplus     R10@10=0.245 R10@100=0.526 (135s)
d= 64 seed=1 morph       R10@10=0.244 R10@100=0.533 (144s)
d= 64 seed=1 maxplus-sx  R10@10=0.246 R10@100=0.525 (155s)
